// Jest Snapshot v1, https://goo.gl/fbAQLP

exports[`<ACShield /> renders properly 1`] = `
<div
  className="acShield"
>
  <div
    className="tag whiteOutline"
  >
    AC
  </div>
  <div
    className="score score whiteOutline"
  >
    20
  </div>
</div>
`;
